// Jest Snapshot v1, https://goo.gl/fbAQLP

exports[`@nx/vite:init dependencies for package.json should add required packages 1`] = `
{
  "dependencies": {
    "existing": "1.0.0",
  },
  "devDependencies": {
    "@nx/vite": "0.0.1",
    "@nx/web": "0.0.1",
    "@vitest/ui": "^1.0.4",
    "existing": "1.0.0",
    "vite": "~5.0.0",
    "vitest": "^1.0.4",
  },
  "name": "@proj/source",
}
`;
